@main {
  v0: int = const 1;
  v1: float = const 1.0;
  v2: char = const 'h';
  v0_copy: int = id v0;
  v1_copy: int = id v1;
  v2_copy: int = id v2;
  print v1_copy;
  print v2_copy;
  print v3_copy;
}
